// Jest Snapshot v1, https://goo.gl/fbAQLP

exports[`Form empty 1`] = `
.c0 {
  font-size: 18px;
  line-height: 24px;
  box-sizing: border-box;
  -webkit-text-size-adjust: 100%;
  -ms-text-size-adjust: 100%;
  -moz-osx-font-smoothing: grayscale;
  -webkit-font-smoothing: antialiased;
}

<div
  className="c0"
>
  <form
    onReset={[Function]}
    onSubmit={[Function]}
  />
</div>
`;

exports[`Form errors 1`] = `
.c0 {
  font-size: 18px;
  line-height: 24px;
  box-sizing: border-box;
  -webkit-text-size-adjust: 100%;
  -ms-text-size-adjust: 100%;
  -moz-osx-font-smoothing: grayscale;
  -webkit-font-smoothing: antialiased;
}

.c1 {
  display: -webkit-box;
  display: -webkit-flex;
  display: -ms-flexbox;
  display: flex;
  box-sizing: border-box;
  outline: none;
  max-width: 100%;
  margin-bottom: 12px;
  min-width: 0;
  min-height: 0;
  -webkit-flex-direction: column;
  -ms-flex-direction: column;
  flex-direction: column;
}

.c2 {
  display: -webkit-box;
  display: -webkit-flex;
  display: -ms-flexbox;
  display: flex;
  box-sizing: border-box;
  outline: none;
  max-width: 100%;
  border-bottom: solid 1px #FF4040;
  min-width: 0;
  min-height: 0;
  -webkit-flex-direction: column;
  -ms-flex-direction: column;
  flex-direction: column;
}

.c3 {
  display: -webkit-box;
  display: -webkit-flex;
  display: -ms-flexbox;
  display: flex;
  box-sizing: border-box;
  outline: none;
  max-width: 100%;
  min-width: 0;
  min-height: 0;
  -webkit-flex-direction: column;
  -ms-flex-direction: column;
  flex-direction: column;
}

.c6 {
  margin-left: 12px;
  margin-right: 12px;
  margin-top: 6px;
  margin-bottom: 6px;
  font-size: 18px;
  line-height: 24px;
  color: #FF4040;
}

.c5 {
  box-sizing: border-box;
  font-size: inherit;
  font-family: inherit;
  border: none;
  -webkit-appearance: none;
  padding: 11px;
  outline: none;
  background: transparent;
  color: inherit;
  font-weight: 600;
  margin: 0;
  border: 1px solid rgba(0,0,0,0.33);
  border-radius: 4px;
  width: 100%;
  border: none;
}

.c5::-webkit-search-decoration {
  -webkit-appearance: none;
}

.c5::-webkit-input-placeholder {
  color: #AAAAAA;
}

.c5::-moz-placeholder {
  color: #AAAAAA;
}

.c5:-ms-input-placeholder {
  color: #AAAAAA;
}

.c5::-moz-focus-inner {
  border: none;
  outline: none;
}

.c4 {
  position: relative;
  width: 100%;
}

@media only screen and (max-width:768px) {
  .c1 {
    margin-bottom: 6px;
  }
}

@media only screen and (max-width:768px) {
  .c2 {
    border-bottom: solid 1px #FF4040;
  }
}

<div
  className="c0"
>
  <form
    onReset={[Function]}
    onSubmit={[Function]}
  >
    <div
      className="c1 "
      onBlur={[Function]}
      onFocus={[Function]}
    >
      <div
        className="c2"
      >
        <div
          className="c3"
        >
          <div
            className="c4"
          >
            <input
              aria-invalid={true}
              autoComplete="off"
              className="c5"
              name="test"
              onBlur={[Function]}
              onChange={[Function]}
              onFocus={[Function]}
              onKeyDown={[Function]}
              value=""
            />
          </div>
        </div>
      </div>
      <span
        className="c6"
      >
        missing
      </span>
    </div>
  </form>
</div>
`;

exports[`Form infos 1`] = `
.c0 {
  font-size: 18px;
  line-height: 24px;
  box-sizing: border-box;
  -webkit-text-size-adjust: 100%;
  -ms-text-size-adjust: 100%;
  -moz-osx-font-smoothing: grayscale;
  -webkit-font-smoothing: antialiased;
}

.c1 {
  display: -webkit-box;
  display: -webkit-flex;
  display: -ms-flexbox;
  display: flex;
  box-sizing: border-box;
  outline: none;
  max-width: 100%;
  margin-bottom: 12px;
  min-width: 0;
  min-height: 0;
  -webkit-flex-direction: column;
  -ms-flex-direction: column;
  flex-direction: column;
}

.c2 {
  display: -webkit-box;
  display: -webkit-flex;
  display: -ms-flexbox;
  display: flex;
  box-sizing: border-box;
  outline: none;
  max-width: 100%;
  border-bottom: solid 1px rgba(0,0,0,0.33);
  min-width: 0;
  min-height: 0;
  -webkit-flex-direction: column;
  -ms-flex-direction: column;
  flex-direction: column;
}

.c3 {
  display: -webkit-box;
  display: -webkit-flex;
  display: -ms-flexbox;
  display: flex;
  box-sizing: border-box;
  outline: none;
  max-width: 100%;
  min-width: 0;
  min-height: 0;
  -webkit-flex-direction: column;
  -ms-flex-direction: column;
  flex-direction: column;
}

.c6 {
  margin-left: 12px;
  margin-right: 12px;
  margin-top: 6px;
  margin-bottom: 6px;
  font-size: 18px;
  line-height: 24px;
  color: #666666;
}

.c5 {
  box-sizing: border-box;
  font-size: inherit;
  font-family: inherit;
  border: none;
  -webkit-appearance: none;
  padding: 11px;
  outline: none;
  background: transparent;
  color: inherit;
  font-weight: 600;
  margin: 0;
  border: 1px solid rgba(0,0,0,0.33);
  border-radius: 4px;
  width: 100%;
  border: none;
}

.c5::-webkit-search-decoration {
  -webkit-appearance: none;
}

.c5::-webkit-input-placeholder {
  color: #AAAAAA;
}

.c5::-moz-placeholder {
  color: #AAAAAA;
}

.c5:-ms-input-placeholder {
  color: #AAAAAA;
}

.c5::-moz-focus-inner {
  border: none;
  outline: none;
}

.c4 {
  position: relative;
  width: 100%;
}

@media only screen and (max-width:768px) {
  .c1 {
    margin-bottom: 6px;
  }
}

@media only screen and (max-width:768px) {
  .c2 {
    border-bottom: solid 1px rgba(0,0,0,0.33);
  }
}

<div
  className="c0"
>
  <form
    onReset={[Function]}
    onSubmit={[Function]}
  >
    <div
      className="c1 "
      onBlur={[Function]}
      onFocus={[Function]}
    >
      <div
        className="c2"
      >
        <div
          className="c3"
        >
          <div
            className="c4"
          >
            <input
              autoComplete="off"
              className="c5"
              name="test"
              onBlur={[Function]}
              onChange={[Function]}
              onFocus={[Function]}
              onKeyDown={[Function]}
              value=""
            />
          </div>
        </div>
      </div>
      <span
        className="c6"
      >
        missing
      </span>
    </div>
  </form>
</div>
`;

exports[`Form lazy value 1`] = `
.c0 {
  font-size: 18px;
  line-height: 24px;
  box-sizing: border-box;
  -webkit-text-size-adjust: 100%;
  -ms-text-size-adjust: 100%;
  -moz-osx-font-smoothing: grayscale;
  -webkit-font-smoothing: antialiased;
}

.c3 {
  display: inline-block;
  box-sizing: border-box;
  cursor: pointer;
  outline: none;
  font: inherit;
  -webkit-text-decoration: none;
  text-decoration: none;
  margin: 0;
  background: transparent;
  overflow: visible;
  text-transform: none;
  border: 2px solid #7D4CDB;
  border-radius: 18px;
  color: #444444;
  padding: 4px 22px;
  font-size: 18px;
  line-height: 24px;
  -webkit-transition-property: color,background-color,border-color,box-shadow;
  transition-property: color,background-color,border-color,box-shadow;
  -webkit-transition-duration: 0.1s;
  transition-duration: 0.1s;
  -webkit-transition-timing-function: ease-in-out;
  transition-timing-function: ease-in-out;
}

.c3:hover {
  box-shadow: 0px 0px 0px 2px #7D4CDB;
}

.c2 {
  box-sizing: border-box;
  font-size: inherit;
  font-family: inherit;
  border: none;
  -webkit-appearance: none;
  padding: 11px;
  outline: none;
  background: transparent;
  color: inherit;
  font-weight: 600;
  margin: 0;
  border: 1px solid rgba(0,0,0,0.33);
  border-radius: 4px;
  width: 100%;
}

.c2::-webkit-search-decoration {
  -webkit-appearance: none;
}

.c2::-webkit-input-placeholder {
  color: #AAAAAA;
}

.c2::-moz-placeholder {
  color: #AAAAAA;
}

.c2:-ms-input-placeholder {
  color: #AAAAAA;
}

.c2::-moz-focus-inner {
  border: none;
  outline: none;
}

.c1 {
  position: relative;
  width: 100%;
}

<div
  class="c0"
>
  <form>
    <div
      class="c1"
    >
      <input
        autocomplete="off"
        class="c2"
        name="test"
        value=""
      />
    </div>
    <button
      class="c3"
      type="button"
    >
      set
    </button>
    <button
      class="c3"
      type="submit"
    >
      submit
    </button>
  </form>
</div>
`;

exports[`Form regexp validation 1`] = `
.c0 {
  margin-left: 12px;
  margin-right: 12px;
  margin-top: 6px;
  margin-bottom: 6px;
  font-size: 18px;
  line-height: 24px;
  color: #FF4040;
}

@media only screen and (max-width:768px) {

}

@media only screen and (max-width:768px) {

}

@media only screen and (max-width:768px) {

}

<span
  class="c0"
>
  invalid
</span>
`;

exports[`Form required validation 1`] = `
.c0 {
  margin-left: 12px;
  margin-right: 12px;
  margin-top: 6px;
  margin-bottom: 6px;
  font-size: 18px;
  line-height: 24px;
  color: #FF4040;
}

@media only screen and (max-width:768px) {

}

@media only screen and (max-width:768px) {

}

@media only screen and (max-width:768px) {

}

<span
  class="c0"
>
  required
</span>
`;

exports[`Form update 1`] = `
.c0 {
  font-size: 18px;
  line-height: 24px;
  box-sizing: border-box;
  -webkit-text-size-adjust: 100%;
  -ms-text-size-adjust: 100%;
  -moz-osx-font-smoothing: grayscale;
  -webkit-font-smoothing: antialiased;
}

.c1 {
  display: -webkit-box;
  display: -webkit-flex;
  display: -ms-flexbox;
  display: flex;
  box-sizing: border-box;
  outline: none;
  max-width: 100%;
  margin-bottom: 12px;
  min-width: 0;
  min-height: 0;
  -webkit-flex-direction: column;
  -ms-flex-direction: column;
  flex-direction: column;
}

.c2 {
  display: -webkit-box;
  display: -webkit-flex;
  display: -ms-flexbox;
  display: flex;
  box-sizing: border-box;
  outline: none;
  max-width: 100%;
  border-bottom: solid 1px rgba(0,0,0,0.33);
  min-width: 0;
  min-height: 0;
  -webkit-flex-direction: column;
  -ms-flex-direction: column;
  flex-direction: column;
}

.c3 {
  display: -webkit-box;
  display: -webkit-flex;
  display: -ms-flexbox;
  display: flex;
  box-sizing: border-box;
  outline: none;
  max-width: 100%;
  min-width: 0;
  min-height: 0;
  -webkit-flex-direction: column;
  -ms-flex-direction: column;
  flex-direction: column;
}

.c6 {
  display: inline-block;
  box-sizing: border-box;
  cursor: pointer;
  outline: none;
  font: inherit;
  -webkit-text-decoration: none;
  text-decoration: none;
  margin: 0;
  background: transparent;
  overflow: visible;
  text-transform: none;
  border: 2px solid #7D4CDB;
  border-radius: 18px;
  color: #444444;
  padding: 4px 22px;
  font-size: 18px;
  line-height: 24px;
  background: #7D4CDB;
  color: #f8f8f8;
  border-radius: 18px;
  -webkit-transition-property: color,background-color,border-color,box-shadow;
  transition-property: color,background-color,border-color,box-shadow;
  -webkit-transition-duration: 0.1s;
  transition-duration: 0.1s;
  -webkit-transition-timing-function: ease-in-out;
  transition-timing-function: ease-in-out;
}

.c6:hover {
  box-shadow: 0px 0px 0px 2px #7D4CDB;
}

.c5 {
  box-sizing: border-box;
  font-size: inherit;
  font-family: inherit;
  border: none;
  -webkit-appearance: none;
  padding: 11px;
  outline: none;
  background: transparent;
  color: inherit;
  font-weight: 600;
  margin: 0;
  border: 1px solid rgba(0,0,0,0.33);
  border-radius: 4px;
  width: 100%;
  border: none;
}

.c5::-webkit-search-decoration {
  -webkit-appearance: none;
}

.c5::-webkit-input-placeholder {
  color: #AAAAAA;
}

.c5::-moz-placeholder {
  color: #AAAAAA;
}

.c5:-ms-input-placeholder {
  color: #AAAAAA;
}

.c5::-moz-focus-inner {
  border: none;
  outline: none;
}

.c4 {
  position: relative;
  width: 100%;
}

@media only screen and (max-width:768px) {
  .c1 {
    margin-bottom: 6px;
  }
}

@media only screen and (max-width:768px) {
  .c2 {
    border-bottom: solid 1px rgba(0,0,0,0.33);
  }
}

<div
  class="c0"
>
  <form>
    <div
      class="c1 "
    >
      <div
        class="c2"
      >
        <div
          class="c3"
        >
          <div
            class="c4"
          >
            <input
              autocomplete="off"
              class="c5"
              name="test"
              placeholder="test input"
              value=""
            />
          </div>
        </div>
      </div>
    </div>
    <div
      class="c1 "
    >
      <div
        class="c2"
      >
        <div
          class="c3"
        >
          <div
            class="c4"
          >
            <input
              autocomplete="off"
              class="c5"
              name="test2"
              placeholder="test-2 input"
              value=""
            />
          </div>
        </div>
      </div>
    </div>
    <button
      class="c6"
      type="submit"
    >
      Submit
    </button>
  </form>
</div>
`;

exports[`Form validate 1`] = `
.c0 {
  margin-left: 12px;
  margin-right: 12px;
  margin-top: 6px;
  margin-bottom: 6px;
  font-size: 18px;
  line-height: 24px;
  color: #FF4040;
}

@media only screen and (max-width:768px) {

}

@media only screen and (max-width:768px) {

}

@media only screen and (max-width:768px) {

}

<span
  class="c0"
>
  simple string
</span>
`;

exports[`Form validate 2`] = `
.c0 {
  font-size: 18px;
  line-height: 24px;
}

@media only screen and (max-width:768px) {

}

@media only screen and (max-width:768px) {

}

@media only screen and (max-width:768px) {

}

@media only screen and (max-width:768px) {

}

@media only screen and (max-width:768px) {

}

<span
  class="c0"
>
   ReactNode 
</span>
`;

exports[`Form validate 3`] = `
.c0 {
  margin-left: 12px;
  margin-right: 12px;
  margin-top: 6px;
  margin-bottom: 6px;
  font-size: 18px;
  line-height: 24px;
  color: #FF4040;
}

@media only screen and (max-width:768px) {

}

@media only screen and (max-width:768px) {

}

@media only screen and (max-width:768px) {

}

@media only screen and (max-width:768px) {

}

@media only screen and (max-width:768px) {

}

<span
  class="c0"
>
  status error
</span>
`;

exports[`Form validate 4`] = `
.c0 {
  margin-left: 12px;
  margin-right: 12px;
  margin-top: 6px;
  margin-bottom: 6px;
  font-size: 18px;
  line-height: 24px;
  color: #666666;
}

@media only screen and (max-width:768px) {

}

@media only screen and (max-width:768px) {

}

@media only screen and (max-width:768px) {

}

@media only screen and (max-width:768px) {

}

@media only screen and (max-width:768px) {

}

<span
  class="c0"
>
  status info
</span>
`;

exports[`Form with field 1`] = `
.c0 {
  font-size: 18px;
  line-height: 24px;
  box-sizing: border-box;
  -webkit-text-size-adjust: 100%;
  -ms-text-size-adjust: 100%;
  -moz-osx-font-smoothing: grayscale;
  -webkit-font-smoothing: antialiased;
}

.c1 {
  display: -webkit-box;
  display: -webkit-flex;
  display: -ms-flexbox;
  display: flex;
  box-sizing: border-box;
  outline: none;
  max-width: 100%;
  margin-bottom: 12px;
  min-width: 0;
  min-height: 0;
  -webkit-flex-direction: column;
  -ms-flex-direction: column;
  flex-direction: column;
}

.c2 {
  display: -webkit-box;
  display: -webkit-flex;
  display: -ms-flexbox;
  display: flex;
  box-sizing: border-box;
  outline: none;
  max-width: 100%;
  border-bottom: solid 1px rgba(0,0,0,0.33);
  min-width: 0;
  min-height: 0;
  -webkit-flex-direction: column;
  -ms-flex-direction: column;
  flex-direction: column;
}

.c3 {
  display: -webkit-box;
  display: -webkit-flex;
  display: -ms-flexbox;
  display: flex;
  box-sizing: border-box;
  outline: none;
  max-width: 100%;
  min-width: 0;
  min-height: 0;
  -webkit-flex-direction: column;
  -ms-flex-direction: column;
  flex-direction: column;
}

.c5 {
  box-sizing: border-box;
  font-size: inherit;
  font-family: inherit;
  border: none;
  -webkit-appearance: none;
  padding: 11px;
  outline: none;
  background: transparent;
  color: inherit;
  font-weight: 600;
  margin: 0;
  border: 1px solid rgba(0,0,0,0.33);
  border-radius: 4px;
  width: 100%;
  border: none;
}

.c5::-webkit-search-decoration {
  -webkit-appearance: none;
}

.c5::-webkit-input-placeholder {
  color: #AAAAAA;
}

.c5::-moz-placeholder {
  color: #AAAAAA;
}

.c5:-ms-input-placeholder {
  color: #AAAAAA;
}

.c5::-moz-focus-inner {
  border: none;
  outline: none;
}

.c4 {
  position: relative;
  width: 100%;
}

@media only screen and (max-width:768px) {
  .c1 {
    margin-bottom: 6px;
  }
}

@media only screen and (max-width:768px) {
  .c2 {
    border-bottom: solid 1px rgba(0,0,0,0.33);
  }
}

<div
  className="c0"
>
  <form
    onReset={[Function]}
    onSubmit={[Function]}
  >
    <div
      className="c1 "
      onBlur={[Function]}
      onFocus={[Function]}
    >
      <div
        className="c2"
      >
        <div
          className="c3"
        >
          <div
            className="c4"
          >
            <input
              autoComplete="off"
              className="c5"
              name="test"
              onBlur={[Function]}
              onChange={[Function]}
              onFocus={[Function]}
              onKeyDown={[Function]}
              value=""
            />
          </div>
        </div>
      </div>
    </div>
  </form>
</div>
`;
